// Jest Snapshot v1, https://goo.gl/fbAQLP

exports[`DummyComponent matches snapshot 1`] = `
<DocumentFragment>
  <div
    class="css-xviiwl"
  >
    DummyComponent
  </div>
</DocumentFragment>
`;
