// Jest Snapshot v1, https://goo.gl/fbAQLP

exports[`DummyComp matches snapshot 1`] = `
<DocumentFragment>
  <div
    class="css-xviiwl"
  >
    DummyComp
  </div>
</DocumentFragment>
`;
